Statistics for Data Science 1 - Introduction-V5fqShLVpoI.mp4
(Tutorial 1) Statistics for Data Science 1-d8s_xA2Cg3w.mp4
(Tutorial 2) Statistics for Data Science 1-wQYU9f1OvPw.mp4
Tutorial 3 - Spreadsheet formulae-MQ5DgZo97Pg.mp4
Tutorial 4 - Downloading and Uploading spreadsheets-shwymxnbcqM.mp4
W3PFinalVideo-Jwyanoilukk.mp4
week 2  - Tutorial - 2 Problems Misleading Graphs-mQf9-ZBy2Fw.mp4
week 2  - Tutorial - 3  SUMIF in Google Sheets-e2b9YpsHu_I.mp4
week 2 - Tutorial - 1 Problems Charts and Tables-2-o31mFX8ps.mp4
week 2 - Tutorial - 4 VLOOKUP in Google Sheets-_oiLk-rXZuY.mp4
week 5 - graded Assignment-aTYi_nEzQuk.mp4
week 5 Tutorial 1-SAYBziO5vUQ.mp4
week 5 Tutorial 2-dXcnl4GpnQA.mp4
week 5 Tutorial 3-qLsXs2aApbw.mp4
week 5 Tutorial 4-SKn3mX5itEQ.mp4
week 5 Tutorial 5-SKfadfhtacY.mp4
week 5 Tutorial 6-q33eLiebIdk.mp4
Week4 - Practice Assignment Solutions-253X0ThDtko.mp4
Week 3 - Box plot Tutorial--zYnDBac0UY.mp4
Week 3 - Graded Assignment Solution-SayWVPjZsy4.mp4
Week 3 - Tutorial 1-PkKWQOOzLms.mp4
Week 3 - Tutorial 2-9fG6iTtoyLU.mp4
Week 3 - Tutorial 3-Ip5CueTv2tw.mp4
Week 3 - Tutorial 4-QMei8SUVSAY.mp4
Week 3 - Tutorial 5-DHzlNhbt1bY.mp4
Week 3 - Tutorial 6-JZFDkZ5d4p4.mp4
Week 3 - Tutorial 7-fxkZW_yWE1I.mp4
Week 4 - Tutorial 2-DMMlyOqGoIE.mp4
Week 4 - Tutorial 3-_WqOOAjHgGI.mp4
Week 4 - Tutorial 4-3emHGA7-YMk.mp4
Week 5 - Practice Assignment Solutions-FiDpZNyGsIc.mp4
Week  4 - Tutorial 1-xvV7gJtel2Y.mp4
Wk 2 Practice Solution Video-6tVhPyo4l9U.mp4